// Jest Snapshot v1, https://goo.gl/fbAQLP

exports[`HomeView.vue renders correctly 1`] = `
<div class="home">
  <div><select>
      <option value="zh_tw">中文</option>
      <option value="en">English</option>
      <option value="ja">日本語</option>
    </select></div><img alt="Vue logo" src="">
  <hello-world-stub propsmsg="測試vue"></hello-world-stub>
</div>
`;
